// Jest Snapshot v1, https://goo.gl/fbAQLP

exports[`matches snapshot 1`] = `
<button
  className="button-style"
  data-testid="button"
>
  I am a button.
</button>
`;

exports[`matches snapshot 1 1`] = `
<button
  className="button-style"
  data-testid="button"
>
  I am a button.
</button>
`;

exports[`matches snapshot 2 1`] = `
<button
  className="button-style"
  data-testid="button"
>
  I am a button.
</button>
`;
